TAP version 13
# HWUT tests (Aug  2 2015, 19:08:28)
ok 1
	---
	module: 'awesome_test'
	function: 'testGetterSetter'
	line: 32
	type: 'assert equals'
	args: 'awesome.getValue(), 0'
	values: '0, 0'
	...
ok 2
	---
	module: 'awesome_test'
	function: 'testGetterSetter'
	line: 35
	type: 'assert equals'
	args: 'awesome.getValue(), 42'
	values: '42, 42'
	...
not ok 3
	---
	module: 'awesome_test'
	function: 'testGetterSetter'
	line: 36
	type: 'assert equals'
	args: 'awesome.getValue(), 43'
	values: '42, 43'
	...
not ok 4
	---
	module: 'awesome_test'
	function: 'testGetterSetter'
	line: 37
	type: 'assert equals'
	args: 'awesome.getValue(), 43, 0.2'
	values: '42, 43, 2.00000e-01'
	...
ok 5
	---
	module: 'awesome_test'
	function: 'testGetterSetter'
	line: 39
	type: 'assert equals'
	args: 'awesome.getValue(), 40, 45'
	values: '42, 40, 45'
	...
not ok 6
	---
	module: 'awesome_test'
	function: 'testGetterSetter'
	line: 40
	type: 'assert equals'
	args: 'awesome.getValue() - 10, 40, 45'
	values: '32, 40, 45'
	...
not ok 7
	---
	module: 'awesome_test'
	function: 'testGetterSetter'
	line: 42
	type: 'assert true'
	args: 'awesome.getValue() == 43'
	values: 'false'
	...
not ok 8
	---
	module: 'awesome_test'
	function: 'testGetterSetter'
	line: 43
	type: 'assert false'
	args: 'awesome.getValue() == 42'
	values: 'true'
	...
not ok 9
	---
	module: 'awesome_test'
	function: 'testGetterSetter'
	line: 45
	type: 'assert array'
	args: 'array1, array2, 10'
	values: '[0, 1, 2, 3, 4, 5, 6, 7, 8, 9], [0, 1, 2, 3, 4, 5, 6, 7, 8, 10]'
	...
Failed 6/9 tests, 66% okay
1..9